
Accumulated error estimation test (Brusselator ODE problem):
    time domain:  (0,10]
    initial conditions:  u0 = 3.9,  v0 = 1.1,  w0 = 2.8
    problem parameters:  a = 1.2,  b = 2.5,  ep = 1e-05
    DIRK solver, order = 3

 Adaptive-step runs:
   Rtol: 0.01
     acc type = 0,  dsm = 0.0154122,  dsm_est = 0.00276848,  dsm/dsm_est = 5.56701,  nsteps = 38
     acc type = 1,  dsm = 0.0154122,  dsm_est = 0.000203081,  dsm/dsm_est = 75.8916,  nsteps = 38
   Rtol: 0.0001
     acc type = 0,  dsm = 0.000113571,  dsm_est = 7.81825e-05,  dsm/dsm_est = 1.45265,  nsteps = 72
     acc type = 1,  dsm = 0.000113571,  dsm_est = 2.0693e-05,  dsm/dsm_est = 5.4884,  nsteps = 72
   Rtol: 1e-06
     acc type = 0,  dsm = 7.17408e-07,  dsm_est = 9.59761e-07,  dsm/dsm_est = 0.747486,  nsteps = 274
     acc type = 1,  dsm = 7.17408e-07,  dsm_est = 3.115e-07,  dsm/dsm_est = 2.30308,  nsteps = 274
   ------------------------------------------------------
