
Accumulated error estimation test (Nonlinear Kvaerno-Prothero-Robinson problem):
    time domain:  (-3,7]
    G = -5
    e = 0.5
    ERK solver, order = 5

 Adaptive-step runs:
   Rtol: 0.01
     acc type = 1,  dsm = 5.14486e-07,  dsm_est = 2.64708e-06,  dsm/dsm_est = 0.19436,  nsteps = 51
     acc type = 2,  dsm = 5.14486e-07,  dsm_est = 2.57056e-07,  dsm/dsm_est = 2.00146,  nsteps = 51
     acc type = 3,  dsm = 5.14486e-07,  dsm_est = 7.81647e-06,  dsm/dsm_est = 0.0658207,  nsteps = 51
   Rtol: 0.0001
     acc type = 1,  dsm = 5.06319e-07,  dsm_est = 2.59179e-06,  dsm/dsm_est = 0.195355,  nsteps = 52
     acc type = 2,  dsm = 5.06319e-07,  dsm_est = 2.54625e-07,  dsm/dsm_est = 1.98849,  nsteps = 52
     acc type = 3,  dsm = 5.06319e-07,  dsm_est = 7.80662e-06,  dsm/dsm_est = 0.0648576,  nsteps = 52
   Rtol: 1e-06
     acc type = 1,  dsm = 1.08917e-07,  dsm_est = 4.74888e-07,  dsm/dsm_est = 0.229352,  nsteps = 71
     acc type = 2,  dsm = 1.08917e-07,  dsm_est = 1.38055e-07,  dsm/dsm_est = 0.788937,  nsteps = 71
     acc type = 3,  dsm = 1.08917e-07,  dsm_est = 9.79896e-07,  dsm/dsm_est = 0.111151,  nsteps = 71
   ------------------------------------------------------
