
Accumulated error estimation test (Nonlinear Kvaerno-Prothero-Robinson problem):
    time domain:  (-3,7]
    G = -5
    e = 0.5
    ERK solver, order = 3

 Adaptive-step runs:
   Rtol: 0.01
     acc type = 1,  dsm = 0.000164295,  dsm_est = 8.68936e-05,  dsm/dsm_est = 1.89076,  nsteps = 51
     acc type = 2,  dsm = 0.000164295,  dsm_est = 1.39827e-05,  dsm/dsm_est = 11.7499,  nsteps = 51
     acc type = 3,  dsm = 0.000164295,  dsm_est = 0.000234619,  dsm/dsm_est = 0.700262,  nsteps = 51
   Rtol: 0.0001
     acc type = 1,  dsm = 9.3926e-05,  dsm_est = 4.01755e-05,  dsm/dsm_est = 2.33789,  nsteps = 64
     acc type = 2,  dsm = 9.3926e-05,  dsm_est = 9.22726e-06,  dsm/dsm_est = 10.1792,  nsteps = 64
     acc type = 3,  dsm = 9.3926e-05,  dsm_est = 9.73149e-05,  dsm/dsm_est = 0.965177,  nsteps = 64
   Rtol: 1e-06
     acc type = 1,  dsm = 3.63201e-06,  dsm_est = 5.06604e-07,  dsm/dsm_est = 7.16934,  nsteps = 215
     acc type = 2,  dsm = 3.63201e-06,  dsm_est = 6.82027e-08,  dsm/dsm_est = 53.2532,  nsteps = 215
     acc type = 3,  dsm = 3.63201e-06,  dsm_est = 9.84088e-07,  dsm/dsm_est = 3.69074,  nsteps = 215
   ------------------------------------------------------
